CondDBESSource Statistics
DataProxy 1 setInterval 0 Runs 0 Lumis 0 Refresh 0 Actual Refresh 0 Reconnect 0 Actual Reconnect 0
TrackerDetToDTCELinkCablingMapRcd / : frontier://FrontierProd/CMS_CONDITIONS, TrackerDetToDTCELinkCablingMap__OT800_IT711__T33__OTOnly
  
  Time look up, payloadIds:


